[Classification { label: "tiger", score: 17.559244 }, Classification { label: "tiger cat", score: 14.740076 }, Classification { label: "zebra", score: 12.357242 }]
